INFO:     Will watch for changes in these directories: ['/Users/sagarikads/Documents/Study/NEWS']
INFO:     Uvicorn running on http://127.0.0.1:8001 (Press CTRL+C to quit)
INFO:     Started reloader process [33589] using WatchFiles
INFO:     Started server process [33593]
INFO:     Waiting for application startup.
INFO:     Application startup complete.
INFO:     127.0.0.1:50926 - "GET /briefing?name=Test&categories=K-Pop HTTP/1.1" 500 Internal Server Error
ERROR:    Exception in ASGI application
Traceback (most recent call last):
  File "/Users/sagarikads/Documents/Study/NEWS/venv/lib/python3.13/site-packages/uvicorn/protocols/http/httptools_impl.py", line 401, in run_asgi
    result = await app(  # type: ignore[func-returns-value]
             ^^^^^^^^^^^^^^^^^^^^^^^^^^^^^^^^^^^^^^^^^^^^^^
        self.scope, self.receive, self.send
        ^^^^^^^^^^^^^^^^^^^^^^^^^^^^^^^^^^^
    )
    ^
  File "/Users/sagarikads/Documents/Study/NEWS/venv/lib/python3.13/site-packages/uvicorn/middleware/proxy_headers.py", line 70, in __call__
    return await self.app(scope, receive, send)
           ^^^^^^^^^^^^^^^^^^^^^^^^^^^^^^^^^^^^
  File "/Users/sagarikads/Documents/Study/NEWS/venv/lib/python3.13/site-packages/fastapi/applications.py", line 1054, in __call__
    await super().__call__(scope, receive, send)
  File "/Users/sagarikads/Documents/Study/NEWS/venv/lib/python3.13/site-packages/starlette/applications.py", line 113, in __call__
    await self.middleware_stack(scope, receive, send)
  File "/Users/sagarikads/Documents/Study/NEWS/venv/lib/python3.13/site-packages/starlette/middleware/errors.py", line 187, in __call__
    raise exc
  File "/Users/sagarikads/Documents/Study/NEWS/venv/lib/python3.13/site-packages/starlette/middleware/errors.py", line 165, in __call__
    await self.app(scope, receive, _send)
  File "/Users/sagarikads/Documents/Study/NEWS/venv/lib/python3.13/site-packages/starlette/middleware/cors.py", line 85, in __call__
    await self.app(scope, receive, send)
  File "/Users/sagarikads/Documents/Study/NEWS/venv/lib/python3.13/site-packages/starlette/middleware/exceptions.py", line 62, in __call__
    await wrap_app_handling_exceptions(self.app, conn)(scope, receive, send)
  File "/Users/sagarikads/Documents/Study/NEWS/venv/lib/python3.13/site-packages/starlette/_exception_handler.py", line 62, in wrapped_app
    raise exc
  File "/Users/sagarikads/Documents/Study/NEWS/venv/lib/python3.13/site-packages/starlette/_exception_handler.py", line 51, in wrapped_app
    await app(scope, receive, sender)
  File "/Users/sagarikads/Documents/Study/NEWS/venv/lib/python3.13/site-packages/starlette/routing.py", line 715, in __call__
    await self.middleware_stack(scope, receive, send)
  File "/Users/sagarikads/Documents/Study/NEWS/venv/lib/python3.13/site-packages/starlette/routing.py", line 735, in app
    await route.handle(scope, receive, send)
  File "/Users/sagarikads/Documents/Study/NEWS/venv/lib/python3.13/site-packages/starlette/routing.py", line 288, in handle
    await self.app(scope, receive, send)
  File "/Users/sagarikads/Documents/Study/NEWS/venv/lib/python3.13/site-packages/starlette/routing.py", line 76, in app
    await wrap_app_handling_exceptions(app, request)(scope, receive, send)
  File "/Users/sagarikads/Documents/Study/NEWS/venv/lib/python3.13/site-packages/starlette/_exception_handler.py", line 62, in wrapped_app
    raise exc
  File "/Users/sagarikads/Documents/Study/NEWS/venv/lib/python3.13/site-packages/starlette/_exception_handler.py", line 51, in wrapped_app
    await app(scope, receive, sender)
  File "/Users/sagarikads/Documents/Study/NEWS/venv/lib/python3.13/site-packages/starlette/routing.py", line 73, in app
    response = await f(request)
               ^^^^^^^^^^^^^^^^
  File "/Users/sagarikads/Documents/Study/NEWS/venv/lib/python3.13/site-packages/fastapi/routing.py", line 301, in app
    raw_response = await run_endpoint_function(
                   ^^^^^^^^^^^^^^^^^^^^^^^^^^^^
    ...<3 lines>...
    )
    ^
  File "/Users/sagarikads/Documents/Study/NEWS/venv/lib/python3.13/site-packages/fastapi/routing.py", line 212, in run_endpoint_function
    return await dependant.call(**values)
           ^^^^^^^^^^^^^^^^^^^^^^^^^^^^^^
  File "/Users/sagarikads/Documents/Study/NEWS/main.py", line 276, in get_briefing
    raw = await fetch_articles_for_category(category)
          ^^^^^^^^^^^^^^^^^^^^^^^^^^^^^^^^^^^^^^^^^^^
  File "/Users/sagarikads/Documents/Study/NEWS/main.py", line 162, in fetch_articles_for_category
    resp.raise_for_status()
    ~~~~~~~~~~~~~~~~~~~~~^^
  File "/Users/sagarikads/Documents/Study/NEWS/venv/lib/python3.13/site-packages/httpx/_models.py", line 763, in raise_for_status
    raise HTTPStatusError(message, request=request, response=self)
httpx.HTTPStatusError: Client error '400 Bad Request' for url 'https://gnews.io/api/v4/search?q=K-pop%20OR%20HYBE%20OR%20BTS%20OR%20BLACKPINK%20OR%20Korean%20pop%20group%20comeback&lang=en&max=10&sortby=publishedAt&apikey=9b302cd5a49c79de290b2b165924b5e8'
For more information check: https://developer.mozilla.org/en-US/docs/Web/HTTP/Status/400
WARNING:  WatchFiles detected changes in 'main.py'. Reloading...
INFO:     Shutting down
INFO:     Waiting for application shutdown.
INFO:     Application shutdown complete.
INFO:     Finished server process [33593]
INFO:     Started server process [34238]
INFO:     Waiting for application startup.
INFO:     Application startup complete.
